14:18:27:774 [INFO] Connecting to simulation server at 127.0.0.1
14:18:27:780 [INFO] Connection opened.
14:18:27:781 [INFO] Started the pub-sub topic receiving thread.
14:18:27:781 [INFO] Loading scene config: scene_basic_drone.jsonc
14:18:28:622 [INFO] Getting the list of available topic info from the sim server...
14:18:28:632 [INFO] Successfully received topic info list.
14:18:30:634 [INFO] World object updated for the loaded scene '/Sim/SceneBasicDrone'. Note: Any previous Drone object instances may no longer be valid.
14:18:30:637 [INFO] Trajectory 'null_trajectory' imported successfully.
14:18:30:638 [INFO] Initalizing Drone 'Drone1'...
14:18:30:638 [INFO] -------------------------------------------------
14:18:30:638 [INFO] The following topics can be subscribed to for robot 'Drone1':
14:18:30:638 [INFO]     sensors["Chase"]["scene_camera"]
14:18:30:639 [INFO]     sensors["Chase"]["scene_camera_info"]
14:18:30:639 [INFO]     sensors["DownCamera"]["scene_camera"]
14:18:30:639 [INFO]     sensors["DownCamera"]["scene_camera_info"]
14:18:30:639 [INFO]     sensors["DownCamera"]["depth_camera"]
14:18:30:639 [INFO]     sensors["DownCamera"]["depth_camera_info"]
14:18:30:640 [INFO]     sensors["DownCamera"]["segmentation_camera"]
14:18:30:640 [INFO]     sensors["DownCamera"]["segmentation_camera_info"]
14:18:30:640 [INFO]     sensors["DownCamera"]["surface_normals_camera"]
14:18:30:640 [INFO]     sensors["DownCamera"]["surface_normals_camera_info"]
14:18:30:641 [INFO]     sensors["IMU1"]["imu_kinematics"]
14:18:30:641 [INFO]     sensors["GPS"]["gps"]
14:18:30:641 [INFO]     sensors["Barometer"]["barometer"]
14:18:30:641 [INFO]     sensors["Magnetometer"]["magnetometer"]
14:18:30:642 [INFO]     robot_info["actual_pose"]
14:18:30:642 [INFO]     robot_info["collision_info"]
14:18:30:642 [INFO]     robot_info["rotor_info"]
14:18:30:643 [INFO] -------------------------------------------------
14:18:30:644 [INFO] Drone 'Drone1' initialized for World scene '/Sim/SceneBasicDrone'
14:18:30:648 [INFO] Loaded complete 30-plant Othonna catalogue
14:18:30:649 [INFO] Resetting scene segmentation IDs to 0
14:18:30:972 [INFO] Segmentation: Othonna_001 -> ID 1 | found=True
14:18:30:976 [INFO] Segmentation: Othonna_002 -> ID 2 | found=True
14:18:31:302 [INFO] Segmentation: Othonna_003 -> ID 3 | found=True
14:18:31:308 [INFO] Segmentation: Othonna_004 -> ID 4 | found=True
14:18:31:333 [INFO] Segmentation: Othonna_005 -> ID 5 | found=True
14:18:31:638 [INFO] Segmentation: Othonna_006 -> ID 6 | found=True
14:18:31:642 [INFO] Segmentation: Othonna_007 -> ID 7 | found=True
14:18:31:657 [INFO] Segmentation: Othonna_008 -> ID 8 | found=True
14:18:31:971 [INFO] Segmentation: Othonna_009 -> ID 9 | found=True
14:18:31:975 [INFO] Segmentation: Othonna_010 -> ID 10 | found=True
14:18:31:989 [INFO] Segmentation: Othonna_011 -> ID 11 | found=True
14:18:32:305 [INFO] Segmentation: Othonna_012 -> ID 12 | found=True
14:18:32:312 [INFO] Segmentation: Othonna_013 -> ID 13 | found=True
14:18:32:642 [INFO] Segmentation: Othonna_014 -> ID 14 | found=True
14:18:32:663 [INFO] Segmentation: Othonna_015 -> ID 15 | found=True
14:18:32:973 [INFO] Segmentation: Othonna_016 -> ID 16 | found=True
14:18:32:977 [INFO] Segmentation: Othonna_017 -> ID 17 | found=True
14:18:33:303 [INFO] Segmentation: Othonna_018 -> ID 18 | found=True
14:18:33:306 [INFO] Segmentation: Othonna_019 -> ID 19 | found=True
14:18:33:310 [INFO] Segmentation: Othonna_020 -> ID 20 | found=True
14:18:33:636 [INFO] Segmentation: Othonna_021 -> ID 21 | found=True
14:18:33:639 [INFO] Segmentation: Othonna_022 -> ID 22 | found=True
14:18:33:642 [INFO] Segmentation: Othonna_023 -> ID 23 | found=True
14:18:33:970 [INFO] Segmentation: Othonna_024 -> ID 24 | found=True
14:18:33:973 [INFO] Segmentation: Othonna_025 -> ID 25 | found=True
14:18:33:985 [INFO] Segmentation: Othonna_026 -> ID 26 | found=True
14:18:34:304 [INFO] Segmentation: Othonna_027 -> ID 27 | found=True
14:18:34:307 [INFO] Segmentation: Othonna_028 -> ID 28 | found=True
14:18:34:320 [INFO] Segmentation: Othonna_029 -> ID 29 | found=True
14:18:34:639 [INFO] Segmentation: Othonna_030 -> ID 30 | found=True
14:18:34:639 [INFO] Taking off
14:18:34:641 [INFO] Climbing vertically to 30.0 m before horizontal flight
14:18:51:306 [INFO] Reached flight altitude 30.0 m
14:18:51:307 [INFO] Loaded 3 sweep waypoints
14:18:51:307 [INFO] Moving to sweep start A at X=-28.500, Y=30.500
14:18:51:308 [INFO] Moving continuously to A at 7.0 m/s | waypoint NED=(-28.500, 30.500, -30.000) | distance=572.1 m | timeout=132.6 s | target yaw=0.0 deg | attempt=1/2
14:20:17:337 [INFO] Reached A | actual=(-29.148, 31.202, -31.269) | horizontal error=0.96 m vertical error=1.27 m | yaw error=+1.40 deg
14:20:17:337 [INFO] Correcting drone orientation to survey yaw 0.0 deg
14:20:19:685 [INFO] Reached survey start A - starting cameras
14:20:20:687 [INFO] Sweeping to waypoint B at X=-8.500, Y=-18.500
14:20:20:688 [INFO] Moving continuously to B at 7.0 m/s | waypoint NED=(-8.500, -18.500, -30.000) | distance=53.5 m | timeout=21.5 s | target yaw=0.0 deg | attempt=1/2
14:20:30:666 [INFO] Reached B | actual=(-7.770, -20.474, -31.381) | horizontal error=2.10 m vertical error=1.38 m | yaw error=+3.76 deg
14:20:30:666 [INFO] Sweeping to waypoint C at X=29.500, Y=26.500
14:20:30:667 [INFO] Moving continuously to C at 7.0 m/s | waypoint NED=(29.500, 26.500, -30.000) | distance=60.0 m | timeout=22.9 s | target yaw=0.0 deg | attempt=1/2
14:20:41:325 [INFO] Reached C | actual=(30.674, 28.099, -31.387) | horizontal error=1.98 m vertical error=1.39 m | yaw error=-4.76 deg
14:20:41:326 [INFO] SURVEY METRICS | recall=0.000000 | survey_time=21.640 s | efficiency=0.000000000 recall/s
14:20:41:328 [INFO] Exported per-Othonna survey results to C:\Users\cmdp7\OneDrive\Desktop\VISTA\src\Drone\survey_results.csv
14:20:41:394 [INFO] Survey cameras stopped
14:20:41:395 [INFO] Disconnecting from simulation server...
14:20:41:427 [INFO] Disconnected.
